// Jest Snapshot v1, https://goo.gl/fbAQLP

exports[`codegen element 1`] = `
"toDisplayString:_toDisplayString, createElementNode:_createElementNode = Vue
return function render(_ctx, _cache){return _createElementNode('div', null, 'hi,' + _toDisplayString(_ctx.message))}"
`;

exports[`codegen iterpolation 1`] = `
"toDisplayString:_toDisplayString = Vue
return function render(_ctx, _cache){return _toDisplayString(_ctx.message)}"
`;

exports[`codegen string 1`] = `
"
return function render(_ctx, _cache){return 'hi'}"
`;
